SRC
SNT
TRG
TRG
TRG
TRG
TRG
TRG
TRG
O

SRC
SNT
TRG
TRG
TRG
TRG
TRG
TRG
TRG
O

